// Jest Snapshot v1, https://goo.gl/fbAQLP

exports[`AddServiceCallGeneralrenders correctly 1`] = `
<div
  className="PageWrapper"
>
  <div
    className="PageWrapperMenu"
  />
  <div
    className="PageWrapperContent"
    style={
      Object {
        "padding": "0rem",
      }
    }
  >
    <div>
      <div
        className="SectionBar fixedActions sticky"
      >
        <div
          className="SectionBarHeaderWrapper"
        >
          <div
            className="SectionBarHeader"
          >
            <div
              className="SectionBarTitleWrapper"
            >
              <h5
                className="MuiTypography-root SectionBarTitle MuiTypography-h5"
                onClick={[Function]}
              >
                New Service Call
                 
              </h5>
            </div>
          </div>
          <div
            className="SectionBarActions"
          />
        </div>
      </div>
      <form
        className="AddServiceCallSearchForm PlainForm compact"
        onSubmit={[Function]}
      >
        <div
          className="PlainFormGroup"
        >
          <div
            className="MuiTypography-root FieldHeadline MuiTypography-body1"
          >
            Search Customer
          </div>
        </div>
        <div
          className="PlainFormGroup"
        >
          <div
            className="Field type-search"
            style={Object {}}
          >
            <div
              className="MuiFormControl-root MuiTextField-root FieldInput MuiFormControl-fullWidth"
            >
              <label
                className="MuiFormLabel-root MuiInputLabel-root MuiInputLabel-formControl MuiInputLabel-animated MuiInputLabel-shrink"
                data-shrink={true}
              >
                First Name
                
              </label>
              <div
                className="MuiInputBase-root MuiInput-root MuiInput-underline MuiInputBase-fullWidth MuiInput-fullWidth MuiInputBase-formControl MuiInput-formControl"
                onClick={[Function]}
              >
                <input
                  aria-invalid={false}
                  autoFocus={false}
                  className="MuiInputBase-input MuiInput-input MuiInputBase-inputTypeSearch MuiInput-inputTypeSearch"
                  disabled={false}
                  onAnimationStart={[Function]}
                  onBlur={[Function]}
                  onChange={[Function]}
                  onFocus={[Function]}
                  readOnly={false}
                  required={false}
                  type="search"
                  value=""
                />
              </div>
            </div>
          </div>
          <div
            className="Field PlainFormField type-search"
            style={Object {}}
          >
            <div
              className="MuiFormControl-root MuiTextField-root FieldInput MuiFormControl-fullWidth"
            >
              <label
                className="MuiFormLabel-root MuiInputLabel-root MuiInputLabel-formControl MuiInputLabel-animated MuiInputLabel-shrink"
                data-shrink={true}
              >
                Last Name
                
              </label>
              <div
                className="MuiInputBase-root MuiInput-root MuiInput-underline MuiInputBase-fullWidth MuiInput-fullWidth MuiInputBase-formControl MuiInput-formControl"
                onClick={[Function]}
              >
                <input
                  aria-invalid={false}
                  autoFocus={false}
                  className="MuiInputBase-input MuiInput-input MuiInputBase-inputTypeSearch MuiInput-inputTypeSearch"
                  disabled={false}
                  onAnimationStart={[Function]}
                  onBlur={[Function]}
                  onChange={[Function]}
                  onFocus={[Function]}
                  readOnly={false}
                  required={false}
                  type="search"
                  value=""
                />
              </div>
            </div>
          </div>
          <div
            className="Field PlainFormField type-search"
            style={Object {}}
          >
            <div
              className="MuiFormControl-root MuiTextField-root FieldInput MuiFormControl-fullWidth"
            >
              <label
                className="MuiFormLabel-root MuiInputLabel-root MuiInputLabel-formControl MuiInputLabel-animated MuiInputLabel-shrink"
                data-shrink={true}
              >
                Business Name
                
              </label>
              <div
                className="MuiInputBase-root MuiInput-root MuiInput-underline MuiInputBase-fullWidth MuiInput-fullWidth MuiInputBase-formControl MuiInput-formControl"
                onClick={[Function]}
              >
                <input
                  aria-invalid={false}
                  autoFocus={false}
                  className="MuiInputBase-input MuiInput-input MuiInputBase-inputTypeSearch MuiInput-inputTypeSearch"
                  disabled={false}
                  onAnimationStart={[Function]}
                  onBlur={[Function]}
                  onChange={[Function]}
                  onFocus={[Function]}
                  readOnly={false}
                  required={false}
                  type="search"
                  value=""
                />
              </div>
            </div>
          </div>
        </div>
        <div
          className="PlainFormGroup"
        >
          <div
            className="Field type-search"
            style={Object {}}
          >
            <div
              className="MuiFormControl-root MuiTextField-root FieldInput MuiFormControl-fullWidth"
            >
              <label
                className="MuiFormLabel-root MuiInputLabel-root MuiInputLabel-formControl MuiInputLabel-animated MuiInputLabel-shrink"
                data-shrink={true}
              >
                Email
                
              </label>
              <div
                className="MuiInputBase-root MuiInput-root MuiInput-underline MuiInputBase-fullWidth MuiInput-fullWidth MuiInputBase-formControl MuiInput-formControl"
                onClick={[Function]}
              >
                <input
                  aria-invalid={false}
                  autoFocus={false}
                  className="MuiInputBase-input MuiInput-input MuiInputBase-inputTypeSearch MuiInput-inputTypeSearch"
                  disabled={false}
                  onAnimationStart={[Function]}
                  onBlur={[Function]}
                  onChange={[Function]}
                  onFocus={[Function]}
                  readOnly={false}
                  required={false}
                  type="search"
                  value=""
                />
              </div>
            </div>
          </div>
          <div
            className="Field PlainFormField type-search"
            style={Object {}}
          >
            <div
              actions={
                Array [
                  Object {
                    "label": "Reset",
                    "onClick": [Function],
                    "variant": "outlined",
                  },
                  Object {
                    "label": "Search",
                    "onClick": [Function],
                  },
                ]
              }
              className="MuiFormControl-root MuiTextField-root FieldInput MuiFormControl-fullWidth"
            >
              <label
                className="MuiFormLabel-root MuiInputLabel-root MuiInputLabel-formControl MuiInputLabel-animated MuiInputLabel-shrink"
                data-shrink={true}
              >
                Phone
                
              </label>
              <div
                className="MuiInputBase-root MuiInput-root MuiInput-underline MuiInputBase-fullWidth MuiInput-fullWidth MuiInputBase-formControl MuiInput-formControl"
                onClick={[Function]}
              >
                <input
                  aria-invalid={false}
                  autoFocus={false}
                  className="MuiInputBase-input MuiInput-input MuiInputBase-inputTypeSearch MuiInput-inputTypeSearch"
                  disabled={false}
                  onAnimationStart={[Function]}
                  onBlur={[Function]}
                  onChange={[Function]}
                  onFocus={[Function]}
                  readOnly={false}
                  required={false}
                  type="search"
                  value=""
                />
              </div>
            </div>
            <div
              className="Actions FieldActions"
            >
              <div
                className="ActionsActions responsiveColumn"
              >
                <button
                  className="MuiButtonBase-root MuiButton-root MuiButton-outlined ButtonWrapper ActionsButton responsiveColumn size-small status-undefined variant-outlined MuiButton-outlinedPrimary MuiButton-outlinedSizeSmall MuiButton-sizeSmall"
                  disabled={false}
                  onBlur={[Function]}
                  onClick={[Function]}
                  onDragLeave={[Function]}
                  onFocus={[Function]}
                  onKeyDown={[Function]}
                  onKeyUp={[Function]}
                  onMouseDown={[Function]}
                  onMouseLeave={[Function]}
                  onMouseUp={[Function]}
                  onTouchEnd={[Function]}
                  onTouchMove={[Function]}
                  onTouchStart={[Function]}
                  tabIndex={0}
                  type="button"
                >
                  <span
                    className="MuiButton-label"
                  >
                    Reset
                  </span>
                </button>
                <button
                  className="MuiButtonBase-root MuiButton-root MuiButton-contained ButtonWrapper ActionsButton responsiveColumn size-small status-undefined variant-contained MuiButton-containedPrimary MuiButton-containedSizeSmall MuiButton-sizeSmall"
                  disabled={false}
                  onBlur={[Function]}
                  onClick={[Function]}
                  onDragLeave={[Function]}
                  onFocus={[Function]}
                  onKeyDown={[Function]}
                  onKeyUp={[Function]}
                  onMouseDown={[Function]}
                  onMouseLeave={[Function]}
                  onMouseUp={[Function]}
                  onTouchEnd={[Function]}
                  onTouchMove={[Function]}
                  onTouchStart={[Function]}
                  tabIndex={0}
                  type="button"
                >
                  <span
                    className="MuiButton-label"
                  >
                    Search
                  </span>
                </button>
              </div>
            </div>
          </div>
        </div>
        <div
          className="PlainFormGroup"
        >
          <div
            className="MuiTypography-root FieldHeadline MuiTypography-body1"
          >
            <div>
              or
              <a
                className="ButtonLink"
                href="https://app.kalosflorida.com/index.cfm?action=admin:customers.dashboard"
              >
                <button
                  className="MuiButtonBase-root MuiButton-root MuiButton-text ButtonWrapper size-xsmall status-undefined variant-text compact MuiButton-textPrimary MuiButton-textSizeSmall MuiButton-sizeSmall"
                  disabled={false}
                  onBlur={[Function]}
                  onDragLeave={[Function]}
                  onFocus={[Function]}
                  onKeyDown={[Function]}
                  onKeyUp={[Function]}
                  onMouseDown={[Function]}
                  onMouseLeave={[Function]}
                  onMouseUp={[Function]}
                  onTouchEnd={[Function]}
                  onTouchMove={[Function]}
                  onTouchStart={[Function]}
                  tabIndex={0}
                  type="button"
                >
                  <span
                    className="MuiButton-label"
                  >
                    View Complete Customer Listing
                  </span>
                </button>
              </a>
              <button
                className="MuiButtonBase-root MuiButton-root MuiButton-text ButtonWrapper size-xsmall status-undefined variant-text compact MuiButton-textPrimary MuiButton-textSizeSmall MuiButton-sizeSmall"
                disabled={false}
                onBlur={[Function]}
                onClick={[Function]}
                onDragLeave={[Function]}
                onFocus={[Function]}
                onKeyDown={[Function]}
                onKeyUp={[Function]}
                onMouseDown={[Function]}
                onMouseLeave={[Function]}
                onMouseUp={[Function]}
                onTouchEnd={[Function]}
                onTouchMove={[Function]}
                onTouchStart={[Function]}
                tabIndex={0}
                type="button"
              >
                <span
                  className="MuiButton-label"
                >
                  Add Customer
                </span>
              </button>
            </div>
          </div>
        </div>
        <button
          className="PlainFormSubmit"
          type="submit"
        >
          Submit
        </button>
      </form>
    </div>
  </div>
</div>
`;
