// Jest Snapshot v1, https://goo.gl/fbAQLP

exports[`SearchIndex renders correctly 1`] = `null`;
